{
    "events": [
        {
            "event": "BBe4UujWIHC",
            "occurredAt": "2020-10-23T00:00:00.000",
            "orgUnit": "ZcrjvJaYQb7",
            "program": "bbQUpMGyBEB",
            "programStage": "psBUpMGyBEB",
            "deleted": false,
            "createdAt": "2021-03-25T12:39:53.875",
            "updatedAt": "2021-03-25T12:39:53.875",
            "scheduledAt": "2021-03-25T12:39:53.875",
            "dataValues": [
                {
                    "createdAt": "2021-03-25T12:39:53.875",
                    "updatedAt": "2021-03-25T12:39:53.875",
                    "dataElement": "IW2EGccT7jT",
                    "value": "Op_Gender_Male",
                    "storedBy": "",
                    "providedElsewhere": false
                }
            ],
            "id": "BBe4UujWIHC",
            "status": "ACTIVE",
            "storedBy": "",
            "href": ""
        }
    ]
}
