{
    "events": [
        {
            "storedBy": "ifoche",
            "scheduledAt": "2022-04-05T22:00:00.000",
            "program": "kX8EWjSVwSW",
            "href": "https://dev.eyeseetea.com/who-dev-234/api/events/urkFUI6mjuB",
            "id": "urkFUI6mjuB",
            "programStage": "Jgc3fbk0yIg",
            "orgUnit": "A5HZNrJc2ir",
            "status": "COMPLETED",
            "occurredAt": "2021-10-06T08:28:28.431",
            "updatedAt": "2021-10-06T09:34:30.422",
            "createdAt": "2021-10-06T09:34:13.105",
            "completedDate": "2021-10-06T09:34:13.105",
            "deleted": false,
            "attributeOptionCombo": "eCBz5bGs5u1",
            "completedBy": "KEdemo1",
            "dataValues": [
                {
                    "updatedAt": "2021-10-06T09:34:30.419",
                    "storedBy": "KEdemo1",
                    "createdAt": "2021-10-06T09:34:13.119",
                    "dataElement": "OoTtQGOoq1N",
                    "value": "1",
                    "providedElsewhere": false
                }
            ],
            "notes": []
        }
    ]
}
