{
    "trackedEntities": [
        {
            "createdAt": "2021-02-04T13:38:53.970",
            "orgUnit": "ZcrjvJaYQb7",
            "createdAtClient": "2021-02-04T13:38:53.970",
            "trackedEntity": "yS8wPJp8AcN",
            "updatedAt": "2021-03-15T06:08:55.291",
            "trackedEntityType": "MCPQUTHX1Ze",
            "updatedAtClient": "2021-02-04T13:38:53.970",
            "inactive": false,
            "deleted": false,
            "programOwners": [
                {
                    "orgUnit": "ZcrjvJaYQb7",
                    "program": "ogQUpMGyBEB",
                    "trackedEntity": "yS8wPJp8AcN"
                }
            ],
            "enrollments": [
                {
                    "storedBy": "pablo.foche",
                    "createdAt": "2021-02-04T13:38:54.080",
                    "orgUnit": "ZcrjvJaYQb7",
                    "createdAtClient": "2021-02-04T13:38:54.082",
                    "program": "ogQUpMGyBEB",
                    "trackedEntity": "yS8wPJp8AcN",
                    "enrollment": "XolUorFOIlo",
                    "updatedAt": "2021-03-15T06:08:55.290",
                    "trackedEntityType": "MCPQUTHX1Ze",
                    "updatedAtClient": "2021-03-15T06:08:55.290",
                    "orgUnitName": "Global",
                    "enrolledAt": "2020-10-22T00:00:00.000",
                    "deleted": false,
                    "followUp": false,
                    "occurredAt": "2021-02-04T00:00:00.000",
                    "status": "ACTIVE",
                    "notes": [],
                    "relationships": [],
                    "attributes": [],
                    "events": []
                }
            ],
            "relationships": [
                {
                    "updatedAt": "2021-02-25T10:33:25.962",
                    "createdAt": "2021-02-25T10:33:25.962",
                    "relationshipName": "Siblings",
                    "bidirectional": true,
                    "relationshipType": "myB1p3dl2vX",
                    "relationship": "NePJbSIUriH",
                    "from": {
                        "trackedEntity": {
                            "trackedEntity": "yS8wPJp8AcN",
                            "programOwners": []
                        }
                    },
                    "to": {
                        "trackedEntity": {
                            "trackedEntity": "k6hMJ43yksj",
                            "programOwners": []
                        }
                    }
                }
            ],
            "attributes": [
                {
                    "updatedAt": "2021-03-12T07:10:43.173",
                    "storedBy": "ignacio.foche",
                    "code": "LEISHMAN_At_CL_UniqueIdentifier",
                    "displayName": "LEISHMAN CL Unique identifier",
                    "createdAt": "2021-02-04T13:38:53.973",
                    "valueType": "TEXT",
                    "attribute": "qczNQPF6FWb",
                    "value": "Jorge"
                },
                {
                    "updatedAt": "2021-02-04T13:38:53.972",
                    "storedBy": "pablo.foche",
                    "code": "ATT_Gender",
                    "displayName": "Gender",
                    "createdAt": "2021-02-04T13:38:53.972",
                    "valueType": "TEXT",
                    "attribute": "IW1EGccT7jT",
                    "value": "Op_Gender_Male"
                },
                {
                    "updatedAt": "2021-02-04T13:38:53.973",
                    "storedBy": "pablo.foche",
                    "code": "ATT_PID",
                    "displayName": "Patient ID",
                    "createdAt": "2021-02-04T13:38:53.973",
                    "valueType": "TEXT",
                    "attribute": "sKBh0kazOCk",
                    "value": "12216"
                }
            ]
        }
    ]
}
